"10-dispatch.cl", line 7:14, Syntax error: extraneous input 'g' expecting '('
"10-dispatch.cl", line 11:17, Syntax error: extraneous input 'h' expecting '('
"10-dispatch.cl", line 11:26, Syntax error: extraneous input 'h' expecting '('
Compilation halted
